2016-09-19T15:30:58+02:00 NOTICE (5): Undefined variable: a {"errno":8,"file":"D:\\Repos\\php_zf2c\\utility_logger_exception_handler_example.php","line":13}
